// Jest Snapshot v1, https://goo.gl/fbAQLP

exports[`quadtile add 1`] = `
Object {
  "nw": Object {
    "se": Object {
      "value": "C",
    },
    "value": "B",
  },
  "value": "A",
}
`;

exports[`quadtile find multi 1`] = `
Object {
  "dist": 11115000,
  "distSquared": 123543225000000,
  "maxz": 0.5,
}
`;

exports[`quadtile find out of range 1`] = `
Object {
  "dist": 0.3535533905932738,
  "distSquared": 0.125,
  "maxz": 0.24,
  "value": "A",
}
`;

exports[`quadtile find root 1`] = `
Object {
  "dist": 0.3535533905932738,
  "distSquared": 0.125,
  "maxz": 0.24,
  "value": "A",
}
`;
